NO Kerberos
[jquevedo@quevedo-mn0 ~]$ kinit
-bash: kinit: command not found
[jquevedo@quevedo-dn0 ~]$ kinit
-bash: kinit: command not found
[jquevedo@quevedo-dn1 ~]$ kinit
-bash: kinit: command not found
[jquevedo@quevedo-dn2 ~]$ kinit
-bash: kinit: command not found
[jquevedo@quevedo-dn3 ~]$ kinit
-bash: kinit: command not found

[jquevedo@quevedo-dn3 ~]$ cat /etc/krb5.conf
# Configuration snippets may be placed in this directory as well
includedir /etc/krb5.conf.d/

[logging]
 default = FILE:/var/log/krb5libs.log
 kdc = FILE:/var/log/krb5kdc.log
 admin_server = FILE:/var/log/kadmind.log

[libdefaults]
 dns_lookup_realm = false
 ticket_lifetime = 24h
 renew_lifetime = 7d
 forwardable = true
 rdns = false
# default_realm = EXAMPLE.COM
 default_ccache_name = KEYRING:persistent:%{uid}

[realms]
# EXAMPLE.COM = {
#  kdc = kerberos.example.com
#  admin_server = kerberos.example.com
# }

[domain_realm]
# .example.com = EXAMPLE.COM
# example.com = EXAMPLE.COM

[jquevedo@server1 ~]$ /var/kerberos/krb5kdc
-bash: /var/kerberos/krb5kdc: No such file or directory
[jquevedo@server1 ~]$ 


NO SSSD
[jquevedo@quevedo-mn0 ~]$ rpm -qa |grep sssd
[jquevedo@quevedo-mn0 ~]$ 
[jquevedo@quevedo-dn0 ~]$ rpm -qa |grep sssd
[jquevedo@quevedo-dn0 ~]$ 
[jquevedo@quevedo-dn1 ~]$ rpm -qa |grep sssd
[jquevedo@quevedo-dn1 ~]$ 
[jquevedo@quevedo-dn2 ~]$ rpm -qa |grep sssd
[jquevedo@quevedo-dn2 ~]$ 
[jquevedo@quevedo-dn3 ~]$ rpm -qa |grep sssd
[jquevedo@quevedo-dn3 ~]$ 
